[colorlib.com/preview/theme/farmie/index.html]
[backblue.gif]
[fade.gif]
[index.html]
[colorlib.com/preview/theme/farmie/img/core-img/favicon.ico]
[colorlib.com/preview/theme/farmie/style.css]
[colorlib.com/preview/theme/farmie/img/core-img/logo.png]
[colorlib.com/preview/theme/farmie/about.html]
[colorlib.com/preview/theme/farmie/farming-practice.html]
[colorlib.com/preview/theme/farmie/shop.html]
[colorlib.com/preview/theme/farmie/our-product.html]
[colorlib.com/preview/theme/farmie/news.html]
[colorlib.com/preview/theme/farmie/news-details.html]
[colorlib.com/preview/theme/farmie/contact.html]
[colorlib.com/preview/theme/farmie/img/bg-img/1.jpg]
[colorlib.com/preview/theme/farmie/img/bg-img/7.jpg]
[colorlib.com/preview/theme/farmie/img/bg-img/2.jpg]
[colorlib.com/preview/theme/farmie/img/core-img/digger.png]
[colorlib.com/preview/theme/farmie/img/core-img/windmill.png]
[colorlib.com/preview/theme/farmie/img/core-img/cereals.png]
[colorlib.com/preview/theme/farmie/img/core-img/tractor.png]
[colorlib.com/preview/theme/farmie/img/core-img/sunrise.png]
[colorlib.com/preview/theme/farmie/img/core-img/decor.png]
[colorlib.com/preview/theme/farmie/img/bg-img/6.jpg]
[colorlib.com/preview/theme/farmie/img/core-img/s1.png]
[colorlib.com/preview/theme/farmie/img/core-img/s2.png]
[colorlib.com/preview/theme/farmie/img/core-img/s3.png]
[colorlib.com/preview/theme/farmie/img/core-img/s4.png]
[colorlib.com/preview/theme/farmie/img/core-img/decor2.png]
[colorlib.com/preview/theme/farmie/img/bg-img/p1.jpg]
[colorlib.com/preview/theme/farmie/img/bg-img/p2.jpg]
[colorlib.com/preview/theme/farmie/img/bg-img/p3.jpg]
[colorlib.com/preview/theme/farmie/img/bg-img/p4.jpg]
[colorlib.com/preview/theme/farmie/img/bg-img/8.jpg]
[colorlib.com/preview/theme/farmie/img/bg-img/9.jpg]
[colorlib.com/preview/theme/farmie/img/core-img/chicken.png]
[colorlib.com/preview/theme/farmie/img/bg-img/10.jpg]
[colorlib.com/preview/theme/farmie/img/core-img/pig.png]
[colorlib.com/preview/theme/farmie/img/bg-img/11.jpg]
[colorlib.com/preview/theme/farmie/img/core-img/cow.png]
[colorlib.com/preview/theme/farmie/img/bg-img/12.jpg]
[colorlib.com/preview/theme/farmie/img/core-img/cereal.png]
[colorlib.com/preview/theme/farmie/img/bg-img/13.jpg]
[colorlib.com/preview/theme/farmie/img/core-img/sprout.png]
[colorlib.com/preview/theme/farmie/img/bg-img/14.jpg]
[colorlib.com/preview/theme/farmie/img/core-img/vegetable.png]
[colorlib.com/preview/theme/farmie/img/bg-img/15.jpg]
[colorlib.com/preview/theme/farmie/img/core-img/quote.png]
[colorlib.com/preview/theme/farmie/img/bg-img/16.jpg]
[colorlib.com/preview/theme/farmie/img/bg-img/17.jpg]
[colorlib.com/preview/theme/farmie/img/bg-img/3.jpg]
[colorlib.com/preview/theme/farmie/img/core-img/logo2.png]
[colorlib.com/preview/theme/farmie/img/bg-img/4.jpg]
[colorlib.com/preview/theme/farmie/img/bg-img/5.jpg]
[colorlib.com/cdn-cgi/scripts/5c5dd728/cloudflare-static/email-decode.min.js]
[colorlib.com/preview/theme/farmie/js/jquery.min.js]
[colorlib.com/preview/theme/farmie/js/popper.min.js]
[colorlib.com/preview/theme/farmie/js/bootstrap.min.js]
[colorlib.com/preview/theme/farmie/js/owl.carousel.min.js]
[colorlib.com/preview/theme/farmie/js/classynav.js]
[colorlib.com/preview/theme/farmie/js/wow.min.js]
[colorlib.com/preview/theme/farmie/js/jquery.sticky.js]
[colorlib.com/preview/theme/farmie/js/jquery.magnific-popup.min.js]
[colorlib.com/preview/theme/farmie/js/jquery.scrollup.min.js]
[colorlib.com/preview/theme/farmie/js/jarallax.min.js]
[colorlib.com/preview/theme/farmie/js/jarallax-video.min.js]
[colorlib.com/preview/theme/farmie/js/active.js]
[colorlib.com/preview/theme/farmie/index.html]
[ajax.cloudflare.com/cdn-cgi/scripts/7089c43e/cloudflare-static/rocket-loader.min.js]
[colorlib.com/preview/theme/farmie/css/bootstrap.min.css]
[colorlib.com/preview/theme/farmie/css/classy-nav.css]
[colorlib.com/preview/theme/farmie/css/font-awesome.min.css]
[colorlib.com/preview/theme/farmie/css/owl.carousel.min.css]
[colorlib.com/preview/theme/farmie/css/animate.css]
[colorlib.com/preview/theme/farmie/css/style.css]
[colorlib.com/preview/theme/farmie/style.css]
[colorlib.com/preview/theme/farmie/css/magnific-popup.css]
[colorlib.com/preview/theme/farmie/img/bg-img/18.jpg]
[colorlib.com/preview/theme/farmie/img/bg-img/20.jpg]
[colorlib.com/preview/theme/farmie/img/bg-img/21.jpg]
[colorlib.com/preview/theme/farmie/img/bg-img/22.jpg]
[colorlib.com/preview/theme/farmie/img/bg-img/23.jpg]
[colorlib.com/preview/theme/farmie/about.html]
[colorlib.com/preview/theme/farmie/img/bg-img/24.jpg]
[colorlib.com/preview/theme/farmie/farming-practice.html]
[colorlib.com/preview/theme/farmie/img/bg-img/25.png]
[colorlib.com/preview/theme/farmie/img/bg-img/34.jpg]
[colorlib.com/preview/theme/farmie/img/bg-img/35.jpg]
[colorlib.com/preview/theme/farmie/img/bg-img/36.jpg]
[colorlib.com/preview/theme/farmie/img/bg-img/p5.jpg]
[colorlib.com/preview/theme/farmie/img/bg-img/p6.jpg]
[colorlib.com/preview/theme/farmie/img/bg-img/p7.jpg]
[colorlib.com/preview/theme/farmie/img/bg-img/p8.jpg]
[colorlib.com/preview/theme/farmie/img/bg-img/p9.jpg]
[colorlib.com/preview/theme/farmie/img/bg-img/p10.jpg]
[colorlib.com/preview/theme/farmie/img/bg-img/p11.jpg]
[colorlib.com/preview/theme/farmie/img/bg-img/p12.jpg]
[colorlib.com/preview/theme/farmie/shop.html]
[colorlib.com/preview/theme/farmie/img/bg-img/19.jpg]
[colorlib.com/preview/theme/farmie/our-product.html]
[colorlib.com/preview/theme/farmie/img/bg-img/26.jpg]
[colorlib.com/preview/theme/farmie/img/bg-img/27.jpg]
[colorlib.com/preview/theme/farmie/img/bg-img/28.jpg]
[colorlib.com/preview/theme/farmie/img/bg-img/29.jpg]
[colorlib.com/preview/theme/farmie/img/bg-img/30.jpg]
[colorlib.com/preview/theme/farmie/img/bg-img/31.jpg]
[colorlib.com/preview/theme/farmie/img/bg-img/32.jpg]
[colorlib.com/preview/theme/farmie/img/bg-img/33.jpg]
[colorlib.com/preview/theme/farmie/news.html]
[colorlib.com/preview/theme/farmie/img/bg-img/37.jpg]
[colorlib.com/preview/theme/farmie/img/bg-img/38.jpg]
[colorlib.com/preview/theme/farmie/news-details.html]
[colorlib.com/preview/theme/farmie/contact.html]
[colorlib.com/preview/theme/farmie/css/bootstrap.min.css]
[colorlib.com/preview/theme/farmie/fonts/classycb9b.eot]
[colorlib.com/preview/theme/farmie/fonts/classycb9b.ttf]
[colorlib.com/preview/theme/farmie/fonts/classycb9b.woff]
[colorlib.com/preview/theme/farmie/css/classy-nav.css]
[colorlib.com/preview/theme/farmie/fonts/classycb9b.svg]
[colorlib.com/preview/theme/farmie/fonts/fontawesome-webfont3e6e.eot]
[colorlib.com/preview/theme/farmie/fonts/fontawesome-webfontd41d.eot]
[colorlib.com/preview/theme/farmie/fonts/fontawesome-webfont3e6e.woff2]
[colorlib.com/preview/theme/farmie/fonts/fontawesome-webfont3e6e.woff]
[colorlib.com/preview/theme/farmie/fonts/fontawesome-webfont3e6e.ttf]
[colorlib.com/preview/theme/farmie/css/font-awesome.min.css]
[colorlib.com/preview/theme/farmie/fonts/fontawesome-webfont3e6e.svg]
[colorlib.com/preview/theme/farmie/css/owl.video.play.png]
[colorlib.com/preview/theme/farmie/css/owl.carousel.min.css]
[colorlib.com/preview/theme/farmie/css/animate.css]
[colorlib.com/preview/theme/farmie/css/fonts/ElegantIcons.eot]
[colorlib.com/preview/theme/farmie/css/fonts/ElegantIconsd41d.eot]
[colorlib.com/preview/theme/farmie/css/fonts/ElegantIcons.woff]
[colorlib.com/preview/theme/farmie/css/fonts/ElegantIcons.ttf]
[colorlib.com/preview/theme/farmie/css/style.css]
[colorlib.com/preview/theme/farmie/css/magnific-popup.css]
[colorlib.com/preview/theme/farmie/fonts/classycb9b.svg]
[colorlib.com/preview/theme/farmie/fonts/fontawesome-webfont3e6e.svg]
[colorlib.com/preview/theme/farmie/css/owl.video.play.html]
[colorlib.com/preview/theme/farmie/css/fonts/ElegantIcons.svg]
[colorlib.com/preview/theme/farmie/css/fonts/ElegantIcons.svg]
